[0m[0m
[0m[4mD:\AI dev\Financial-dashboard\src\components\Dashboard.tsx[24m[0m
[0m   [2m11:10[22m  [31merror[39m  'format' is defined but never used                   [2m@typescript-eslint/no-unused-vars[22m[0m
[0m   [2m39:9[22m   [31merror[39m  'recentExpenses' is assigned a value but never used  [2m@typescript-eslint/no-unused-vars[22m[0m
[0m   [2m43:9[22m   [31merror[39m  'monthlyData' is assigned a value but never used     [2m@typescript-eslint/no-unused-vars[22m[0m
[0m  [2m104:53[22m  [31merror[39m  Unexpected any. Specify a different type             [2m@typescript-eslint/no-explicit-any[22m[0m
[0m  [2m121:94[22m  [31merror[39m  Unexpected any. Specify a different type             [2m@typescript-eslint/no-explicit-any[22m[0m
[0m[0m
[0m[4mD:\AI dev\Financial-dashboard\src\components\ExpenseForm.tsx[24m[0m
[0m  [2m7:15[22m  [31merror[39m  'Category' is defined but never used  [2m@typescript-eslint/no-unused-vars[22m[0m
[0m[0m
[0m[4mD:\AI dev\Financial-dashboard\src\components\ExpenseList.tsx[24m[0m
[0m  [2m5:43[22m  [31merror[39m  'Filter' is defined but never used  [2m@typescript-eslint/no-unused-vars[22m[0m
[0m[0m
[0m[4mD:\AI dev\Financial-dashboard\src\components\ui\input.tsx[24m[0m
[0m  [2m4:18[22m  [31merror[39m  An interface declaring no members is equivalent to its supertype  [2m@typescript-eslint/no-empty-object-type[22m[0m
[0m[0m
[0m[4mD:\AI dev\Financial-dashboard\src\components\ui\select.tsx[24m[0m
[0m  [2m4:18[22m  [31merror[39m  An interface declaring no members is equivalent to its supertype  [2m@typescript-eslint/no-empty-object-type[22m[0m
[0m[0m
[0m[31m[1m✖ 9 problems (9 errors, 0 warnings)[22m[39m[0m
[0m[31m[1m[22m[39m[0m